// Jest Snapshot v1, https://goo.gl/fbAQLP

exports[`Filters should have a consistent structure 1`] = `
<Filters
  currentMoviesGenres={
    Array [
      15,
      18,
      26,
    ]
  }
  genres={
    Object {
      "12": "Feline Action",
      "15": "Feline Formation Novel",
      "18": "Feline Adventure",
      "19432": "Feline Philosophy",
      "23": "Feline Romance",
      "24": "Feline Western",
      "26": "Feline Drama",
    }
  }
  onChangeGenreFilters={[MockFunction]}
  onChangeMinRating={[MockFunction]}
  value="cat"
>
  <section
    className="movie-filters"
  >
    <div
      className="movie-filters-genres"
    >
      <Filter
        key="15"
        name="Feline Formation Novel"
        onChange={[MockFunction]}
        value={15}
      >
        <div
          className="movie-filter"
        >
          <input
            id={15}
            onChange={[MockFunction]}
            type="checkbox"
          />
          <label
            htmlFor={15}
          >
            Feline Formation Novel
          </label>
        </div>
      </Filter>
      <Filter
        key="18"
        name="Feline Adventure"
        onChange={[MockFunction]}
        value={18}
      >
        <div
          className="movie-filter"
        >
          <input
            id={18}
            onChange={[MockFunction]}
            type="checkbox"
          />
          <label
            htmlFor={18}
          >
            Feline Adventure
          </label>
        </div>
      </Filter>
      <Filter
        key="26"
        name="Feline Drama"
        onChange={[MockFunction]}
        value={26}
      >
        <div
          className="movie-filter"
        >
          <input
            id={26}
            onChange={[MockFunction]}
            type="checkbox"
          />
          <label
            htmlFor={26}
          >
            Feline Drama
          </label>
        </div>
      </Filter>
    </div>
    <input
      defaultValue="3"
      id="min-rating"
      max="10"
      min="0"
      onChange={[MockFunction]}
      step="0.5"
      type="number"
    />
    <label
      htmlFor="min-rating"
    >
      Minimum Rating
    </label>
  </section>
</Filters>
`;
