// Jest Snapshot v1, https://goo.gl/fbAQLP

exports[`Filter should have a consistent structure 1`] = `
<Filter
  name="pippi"
  onChange={[MockFunction]}
  value="cat"
>
  <div
    className="movie-filter"
  >
    <input
      id="cat"
      onChange={[MockFunction]}
      type="checkbox"
    />
    <label
      htmlFor="cat"
    >
      pippi
    </label>
  </div>
</Filter>
`;
